// Jest Snapshot v1, https://goo.gl/fbAQLP

exports[`curry - proxy should check arguments 1`] = `"[Immer] The first or second argument to \`produce\` must be a function"`;

exports[`curry - proxy should check arguments 2`] = `"[Immer] The first or second argument to \`produce\` must be a function"`;

exports[`curry - proxy should check arguments 3`] = `"[Immer] The first or second argument to \`produce\` must be a function"`;

exports[`curry - proxy should check arguments 4`] = `"[Immer] The third argument to \`produce\` must be a function or undefined"`;
