// Jest Snapshot v1, https://goo.gl/fbAQLP

exports[`manual - proxy cannot finishDraft twice 1`] = `"Cannot perform 'get' on a proxy that has been revoked"`;

exports[`manual - proxy cannot modify after finish 1`] = `"Cannot perform 'set' on a proxy that has been revoked"`;

exports[`manual - proxy should check arguments 1`] = `"[Immer] First argument to \`createDraft\` must be a plain object, an array, or an immerable object"`;

exports[`manual - proxy should check arguments 2`] = `"[Immer] First argument to \`createDraft\` must be a plain object, an array, or an immerable object"`;

exports[`manual - proxy should check arguments 3`] = `"[Immer] First argument to \`finishDraft\` must be a draft returned by \`createDraft\`"`;

exports[`manual - proxy should not finish drafts from produce 1`] = `"[Immer] First argument to \`finishDraft\` must be a draft returned by \`createDraft\`"`;

exports[`manual - proxy should not finish twice 1`] = `"Cannot perform 'get' on a proxy that has been revoked"`;

exports[`manual - proxy should support patches drafts 1`] = `
[
  [
    [
      {
        "op": "replace",
        "path": [
          "a",
        ],
        "value": 2,
      },
      {
        "op": "add",
        "path": [
          "b",
        ],
        "value": 3,
      },
    ],
    [
      {
        "op": "replace",
        "path": [
          "a",
        ],
        "value": 1,
      },
      {
        "op": "remove",
        "path": [
          "b",
        ],
      },
    ],
  ],
]
`;
