// Jest Snapshot v1, https://goo.gl/fbAQLP

exports[`applyPatches throws when \`op\` is not "add", "replace", nor "remove" 1`] = `"[Immer] minified error nr: 17. Full error at: https://bit.ly/3cXEKWf"`;

exports[`applyPatches throws when \`path\` cannot be resolved 1`] = `"[Immer] minified error nr: 18. Full error at: https://bit.ly/3cXEKWf"`;

exports[`applyPatches throws when \`path\` cannot be resolved 2`] = `"[Immer] minified error nr: 18. Full error at: https://bit.ly/3cXEKWf"`;
