// Jest Snapshot v1, https://goo.gl/fbAQLP

exports[`Producers can update Maps 4`] = `"[Immer] minified error nr: 2. Full error at: https://bit.ly/3cXEKWf"`;
